// Vitest Snapshot v1, https://vitest.dev/guide/snapshot.html

exports[`PodcastListAdapter > should convert to JSON format correctly 1`] = `
{
  "author": "The Joe Budden Network",
  "img": "https://is1-ssl.mzstatic.com/image/thumb/Podcasts113/v4/f2/21/fa/f221fabd-017f-5125-633b-f1fe4f39802a/mza_182995249085044287.jpg/170x170bb.png",
  "title": "The Joe Budden Podcast",
}
`;
